Part(component='CPU', name='AMD Ryzen 9 3900X 3.8 GHz 12-Core Processor', url='https://pcpartpicker.com/product/tLCD4D/amd-ryzen-9-3900x-36-ghz-12-core-processor-100-100000023box', price='$546.88', vendor='Amazon', vendor_aff_url='', vendor_url='')
Part(component='Motherboard', name='Gigabyte X570 AORUS ELITE WIFI ATX AM4 Motherboard', url='https://pcpartpicker.com/product/XV6qqs/gigabyte-x570-aorus-elite-wifi-atx-am4-motherboard-x570-aorus-elite-wifi', price='$209.99', vendor='Amazon', vendor_aff_url='', vendor_url='')
Part(component='Memory', name='G.Skill Ripjaws V Series 16 GB (2 x 8 GB) DDR4-3200 CL16 Memory', url='https://pcpartpicker.com/product/Cf98TW/gskill-memory-f43200c16d16gvkb', price='$73.99', vendor='Newegg', vendor_aff_url='', vendor_url='')
Part(component='Storage', name='Western Digital Blue 4 TB 3.5" 5400RPM Internal Hard Drive', url='https://pcpartpicker.com/product/jp2rxr/western-digital-internal-hard-drive-wd40ezrz', price='$79.99', vendor='Western Digital', vendor_aff_url='', vendor_url='')
Part(component='Storage', name='Samsung 860 Evo 1 TB 2.5" Solid State Drive', url='https://pcpartpicker.com/product/yzfhP6/samsung-860-evo-1tb-25-solid-state-drive-mz-76e1t0bam', price='$109.99', vendor='Adorama', vendor_aff_url='', vendor_url='')
Part(component='Video Card', name='Zotac GeForce RTX 3070 8 GB GAMING Twin Edge OC Video Card', url='https://pcpartpicker.com/product/ThhmP6/zotac-geforce-rtx-3070-8-gb-gaming-twin-edge-oc-video-card-zt-a30700h-10p', price='No Prices Available', vendor='', vendor_aff_url='', vendor_url='')
Part(component='Case', name='Fractal Design Meshify C ATX Mid Tower Case', url='https://pcpartpicker.com/product/nL7v6h/fractal-design-meshify-c-tg-atx-mid-tower-case-fd-ca-mesh-c-bko-tgl', price='$94.99', vendor='Amazon', vendor_aff_url='', vendor_url='')
Part(component='Power Supply', name='SeaSonic FOCUS Gold 650 W 80+ Gold Certified Semi-modular ATX Power Supply', url='https://pcpartpicker.com/product/qn7v6h/seasonic-focus-gold-650w-80-gold-certified-semi-modular-atx-power-supply-ssr-650fm', price='$92.98', vendor='Newegg', vendor_aff_url='', vendor_url='')
Part(component='Monitor', name='Dell S3220DGF 31.5" 2560x1440 165 Hz Monitor', url='https://pcpartpicker.com/product/xNWBD3/dell-s3220dgf-315-2560x1440-165-hz-monitor-s3220dgf', price='$449.99', vendor='Best Buy', vendor_aff_url='', vendor_url='')