Part(component='CPU', name='AMD Ryzen 5 5600X 3.7 GHz 6-Core Processor', url='https://pcpartpicker.com/product/g94BD3/amd-ryzen-5-5600x-37-ghz-6-core-processor-100-100000065box', price='$300.00', vendor='', vendor_aff_url='', vendor_url='')
Part(component='Motherboard', name='Gigabyte X570 AORUS ELITE WIFI ATX AM4 Motherboard', url='https://pcpartpicker.com/product/XV6qqs/gigabyte-x570-aorus-elite-wifi-atx-am4-motherboard-x570-aorus-elite-wifi', price='$170.00', vendor='', vendor_aff_url='', vendor_url='')
Part(component='Memory', name='G.Skill Ripjaws V Series 16 GB (2 x 8 GB) DDR4-3600 CL16 Memory', url='https://pcpartpicker.com/product/gJM323/gskill-memory-f43600c16d16gvk', price='$109.99', vendor='Newegg', vendor_aff_url='', vendor_url='')
Part(component='Storage', name='Crucial P2 2 TB M.2-2280 NVME Solid State Drive', url='https://pcpartpicker.com/product/QggQzy/crucial-p2-2-tb-m2-2280-nvme-solid-state-drive-ct2000p2ssd8', price='$224.99', vendor='Amazon', vendor_aff_url='', vendor_url='')
Part(component='Video Card', name='Zotac GeForce RTX 3070 8 GB GAMING Twin Edge OC Video Card', url='https://pcpartpicker.com/product/ThhmP6/zotac-geforce-rtx-3070-8-gb-gaming-twin-edge-oc-video-card-zt-a30700h-10p', price='$550.00', vendor='', vendor_aff_url='', vendor_url='')
Part(component='Case', name='Fractal Design Meshify C ATX Mid Tower Case', url='https://pcpartpicker.com/product/Y6Crxr/fractal-design-meshify-c-atx-mid-tower-case-fd-ca-mesh-c-bko-tg', price='$108.25', vendor='B&H Photo', vendor_aff_url='', vendor_url='')
Part(component='Power Supply', name='EVGA G3 650 W 80+ Gold Certified Fully Modular ATX Power Supply', url='https://pcpartpicker.com/product/y88H99/evga-supernova-g3-650w-80-gold-certified-fully-modular-atx-power-supply-220-g3-0650', price='$115.84', vendor='Amazon', vendor_aff_url='', vendor_url='')